
ASEM-51 V1.3                                         Copyright (c) 2002 by W.W. Heinz                                         PAGE 1





       MCS-51 Family Macro Assembler   A S E M - 5 1   V 1.3
       =====================================================



	Source File:	pratica2.asm
	Object File:	pratica2.hex
	List File:	pratica2.lst



 Line  I  Addr  Code            Source

    1:				; Controle de Temperatura
    2:				; Programador: Fco Edno
    3:				;
    4:				; Com um ADC de 8 bits na porta P2 e verificado o valor de temperatura
    5:				; de um LM35. Se o valor do adc for maior que 23 (25 C), eh acionado
    6:				; um cooler para resfriamento. A faixa de medicao esta entre [2C,150C].
    7:				; Cada grau a mais representa uma unidade binaria, isto eh, 2C = 0 e 3C = 1.
    8:				;
    9:				; ADC: P2, FAN: P0.0, Display: P3 e P1.
   10:				;
   11:				; -------------------------------------------------------------
   12:				; Mapa dos registradores:
   13:				; -------------------------------------------------------------
   14:				; R0: ADC Puro
   15:				; R1: Temperatura em Graus
   16:				; R2: Primeiro digito BCD da temperatura
   17:				; R3: Segundo digito BCD da temperatura
   18:				; R4: Terceiro digito BCD da temperatura
   19:				; R5: Rotina de Delay
   20:				; R6: Rotina de Delay
   21:				; R7: Contador na rotina de envio para o shift register
   22:				; -------------------------------------------------------------
   23:
   24:				;**************************************************************
   25:				; Equates
						  *
   26:				;**************************************************************
   27:		D      00A0	ADC		equ		p2
   28:		B      0080	FAN		equ		p0.0
   29:
   30:		D      00B0	DP1		equ		p3							; Display de
				 7 segmentos 1
   31:		D      0090	DP2		equ		p1							; Display de
				 7 segmentos 2
   32:
   33:		N      00E8	K		equ		232 						; Constante para ver
				ificar nivel maximo
   34:
   35:				; -------------------------------------------------------------
   36:				; Shift registers
   37:				; -------------------------------------------------------------
   38:		B      0081	SHD		equ		p0.1
   39:		B      0082	SHCK	equ		p0.2

ASEM-51 V1.3                                         Copyright (c) 2002 by W.W. Heinz                                         PAGE 2



 Line  I  Addr  Code            Source

   40:		B      0083	SHLTCH	equ		p0.3
   41:		B      0084	SH2LTCH	equ		p0.4
   42:
   43:				;**************************************************************
   44:				; Main
						  *
   45:				;**************************************************************
   46:
   47:	  0000	A8 A0		Main:	mov		r0, ADC						; Joga o valor do ADC no r0
   48:	  0002	E8				mov		a, r0						; Adiciona K ao acum
				ulador, se a carry
   49:	  0003	24 E8				add		a, #K						; for setada, o valo
				r maximo foi alcancado
   50:
   51:	  0005	40 06				jc		Liga						; Verifica o estado
				da Carry, se setada
   52:	  0007	C3		Desl:	clr		c							; liga o cooler, cas
				o contrario desliga
   53:	  0008	D2 80				setb	FAN
   54:	  000A	02 00 10			jmp		Exit
   55:
   56:	  000D	C3		Liga:	clr		c
   57:	  000E	C2 80				clr		FAN
   58:
   59:	  0010	11 16		Exit:	acall	DcdADC
   60:	  0012	11 2A				acall	Disp
   61:
   62:	  0014	01 00				ajmp	Main
   63:
   64:				;**************************************************************
   65:				; Sub Rotinas
					  *
   66:				;**************************************************************
   67:
   68:				; -------------------------------------------------------------
   69:				; DcdADC
   70:				; -------------------------------------------------------------
   71:				; Decodifica o ADC e armazena na memoria RAM para imprimir
   72:				; Futuramente num display de 7 segmentos
   73:				; -------------------------------------------------------------
   74:	  0016			DcdADC:
   75:	  0016	E8				mov		a, r0						; Para obter o decim
				al equivalente simplesmente
   76:	  0017	24 02				add		a, #2						; Somo 2 ao valor ob
				tido do ADC.
   77:	  0019	F9				mov		r1,a
   78:
   79:	  001A	E9				mov		a, r1
   80:	  001B	75 F0 64			mov		b, #100
   81:	  001E	84				div		ab
   82:	  001F	FA				mov		r2,a
   83:
   84:	  0020	E5 F0				mov		a, b
   85:	  0022	75 F0 0A			mov		b, #10
   86:	  0025	84				div		ab
   87:	  0026	FB				mov		r3,a

ASEM-51 V1.3                                         Copyright (c) 2002 by W.W. Heinz                                         PAGE 3



 Line  I  Addr  Code            Source

   88:	  0027	AC F0				mov		r4,b
   89:
   90:	  0029	22				ret
   91:
   92:				; -------------------------------------------------------------
   93:				; Disp
   94:				; -------------------------------------------------------------
   95:				; Faz a leitura do valor decimal do ADC e imprime no Display
   96:				; de 7 segmentos
   97:				; -------------------------------------------------------------
   98:	  002A			Disp:
   99:	  002A	EB				mov		a, r3
  100:	  002B	11 3F				acall	LKDisp						; Bota no acumulador a decod
				ificacao do BCD
  101:	  002D	F4				cpl		a
  102:
  103:	  002E	C2 83				clr		SHLTCH						; Da pulso baixo par
				a desabilitar saida no SHIFT
  104:	  0030	11 4E				acall	SHSend
  105:	  0032	D2 83				setb	SHLTCH						; Pulso alto para habilitar
				a saida no SHIFT
  106:
  107:	  0034	EC				mov		a, r4
  108:	  0035	11 3F				acall	LKDisp
  109:	  0037	F4				cpl		a
  110:
  111:	  0038	C2 84				clr		SH2LTCH
  112:	  003A	11 4E				acall	SHSend
  113:	  003C	D2 84				setb	SH2LTCH
  114:
  115:	  003E	22				ret
  116:
  117:				; -------------------------------------------------------------
  118:				; LKDisp
  119:				; -------------------------------------------------------------
  120:				; Lookup-Table para decodificacao de displays de 7 segmentos
  121:				; -------------------------------------------------------------
  122:	  003F	90 00 44	LKDisp: mov		dptr, #TABLE
  123:	  0042	93				movc	a, @a+dptr
  124:	  0043	22				ret
  125:
  126:	  0044	81 CF 92 86	TABLE:	DB	81h, 0cfh, 92h, 86h, 0cch, 0a4h, 0a0h, 8fh, 80h, 8ch
	  0048	CC A4 A0 8F
	  004C	80 8C
  127:
  128:				; -------------------------------------------------------------
  129:				; SHSend
  130:				; -------------------------------------------------------------
  131:				; Envia para o display a codificacao pelo shiftregister
  132:				; -------------------------------------------------------------
  133:	  004E			SHSend:
  134:
  135:	  004E	7F 08				mov		r7, #8						; Contador
  136:
  137:	  0050	A2 E7		Again:	mov		c, acc.7					; Envia serialmente o MSB do
				 Acc

ASEM-51 V1.3                                         Copyright (c) 2002 by W.W. Heinz                                         PAGE 4



 Line  I  Addr  Code            Source

  138:	  0052	92 81				mov		SHD, c
  139:	  0054	11 5A				acall	CKPulse
  140:
  141:	  0056	23				rl		a							; Rotaciona
				o Acc para continuar o envio
  142:	  0057	DF F7				djnz	r7, Again
  143:
  144:
  145:	  0059	22				ret
  146:
  147:				; -------------------------------------------------------------
  148:				; CKPulse
  149:				; -------------------------------------------------------------
  150:				; Da um pulso de clock. Rotina utilizada no envio de dados
  151:				; Seriais para o registrador de deslocamento.
  152:				; -------------------------------------------------------------
  153:	  005A			CKPulse:
  154:	  005A	D2 82				setb	SHCK
  155:						;acall	Delay
  156:	  005C	C2 82				clr		SHCK
  157:
  158:	  005E	22				ret
  159:
  160:				; -------------------------------------------------------------
  161:				; Delay
  162:				; -------------------------------------------------------------
  163:				; Delay para o pulso de clock. Provavelmente desnecessario
  164:				; -------------------------------------------------------------
  165:	  005F	7D FF		Delay:	mov		r5, #255
  166:	  0061	7E FF				mov		r6, #255
  167:
  168:				;**************************************************************
  169:						end
  170:				;**************************************************************





                     register banks used:  ---

                     no errors




ASEM-51 V1.3                                         Copyright (c) 2002 by W.W. Heinz                                         PAGE 5





	       L I S T   O F   S Y M B O L S
	       =============================


SYMBOL				  TYPE     VALUE	LINE
------------------------------------------------------------
??ASEM_51			  NUMBER    8051
??VERSION			  NUMBER    0130
AC				  BIT	      D6
ACC				  DATA	      E0
ADC				  NUMBER    00A0	  27
AGAIN				  CODE	    0050	 137
B				  DATA	      F0
CKPULSE				  CODE	    005A	 153
CY				  BIT	      D7
DCDADC				  CODE	    0016	  74
DELAY				  CODE	    005F	 165
DESL				  CODE	    0007	  52
DISP				  CODE	    002A	  98
DP1				  NUMBER    00B0	  30
DP2				  NUMBER    0090	  31
DPH				  DATA	      83
DPL				  DATA	      82
EA				  BIT	      AF
ES				  BIT	      AC
ET0				  BIT	      A9
ET1				  BIT	      AB
EX0				  BIT	      A8
EX1				  BIT	      AA
EXIT				  CODE	    0010	  59
EXTI0				  CODE	    0003
EXTI1				  CODE	    0013
F0				  BIT	      D5
FAN				  NUMBER    0080	  28
IE				  DATA	      A8
IE0				  BIT	      89
IE1				  BIT	      8B
INT0				  BIT	      B2
INT1				  BIT	      B3
IP				  DATA	      B8
IT0				  BIT	      88
IT1				  BIT	      8A
K				  NUMBER    00E8	  33
LIGA				  CODE	    000D	  56
LKDISP				  CODE	    003F	 122
MAIN				  CODE	    0000	  47
OV				  BIT	      D2
P				  BIT	      D0
P0				  DATA	      80
P1				  DATA	      90
P2				  DATA	      A0
P3				  DATA	      B0
PCON				  DATA	      87
PS				  BIT	      BC
PSW				  DATA	      D0
PT0				  BIT	      B9

ASEM-51 V1.3                                         Copyright (c) 2002 by W.W. Heinz                                         PAGE 6



SYMBOL				  TYPE     VALUE	LINE
------------------------------------------------------------
PT1				  BIT	      BB
PX0				  BIT	      B8
PX1				  BIT	      BA
RB8				  BIT	      9A
RD				  BIT	      B7
REN				  BIT	      9C
RESET				  CODE	    0000
RI				  BIT	      98
RS0				  BIT	      D3
RS1				  BIT	      D4
RXD				  BIT	      B0
SBUF				  DATA	      99
SCON				  DATA	      98
SH2LTCH				  NUMBER    0084	  41
SHCK				  NUMBER    0082	  39
SHD				  NUMBER    0081	  38
SHLTCH				  NUMBER    0083	  40
SHSEND				  CODE	    004E	 133
SINT				  CODE	    0023
SM0				  BIT	      9F
SM1				  BIT	      9E
SM2				  BIT	      9D
SP				  DATA	      81
T0				  BIT	      B4
T1				  BIT	      B5
TABLE				  CODE	    0044	 126
TB8				  BIT	      9B
TCON				  DATA	      88
TF0				  BIT	      8D
TF1				  BIT	      8F
TH0				  DATA	      8C
TH1				  DATA	      8D
TI				  BIT	      99
TIMER0				  CODE	    000B
TIMER1				  CODE	    001B
TL0				  DATA	      8A
TL1				  DATA	      8B
TMOD				  DATA	      89
TR0				  BIT	      8C
TR1				  BIT	      8E
TXD				  BIT	      B1
WR				  BIT	      B6
