
ASEM-51 V1.3                                         Copyright (c) 2002 by W.W. Heinz                                         PAGE 1





       MCS-51 Family Macro Assembler   A S E M - 5 1   V 1.3
       =====================================================



	Source File:	pratica2.asm
	Object File:	pratica2.hex
	List File:	pratica2.lst



 Line  I  Addr  Code            Source

    1:				; Controle de Temperatura
    2:				; Programador: Fco Edno
    3:				;
    4:				; Com um ADC de 8 bits na porta P2 e verificado o valor de temperatura
    5:				; de um LM35. Se o valor do adc for maior que 23 (25 C), eh acionado
    6:				; um cooler para resfriamento. A faixa de medicao esta entre [2C,150C].
    7:				; Cada grau a mais representa uma unidade binaria, isto eh, 2C = 0 e 3C = 1.
    8:				;
    9:				; ADC: P2, FAN: P0.0, Display: P3 e P1.
   10:				;
   11:				; -------------------------------------------------------------
   12:				; Mapa dos registradores:
   13:				; -------------------------------------------------------------
   14:				; R0: ADC Puro
   15:				; R1: Temperatura em Graus
   16:				; R2: Primeiro digito BCD da temperatura
   17:				; R3: Segundo digito BCD da temperatura
   18:				; R4: Terceiro digito BCD da temperatura
   19:				; R5: Rotina de Delay
   20:				; R6: Rotina de Delay
   21:				; R7: Contador na rotina de envio para o shift register
   22:				; -------------------------------------------------------------
   23:
   24:				;**************************************************************
   25:				; Equates
						  *
   26:				;**************************************************************
   27:		D      0080	ADC		equ		p0
   28:		B      00A0	FAN		equ		p2.0
   29:
   30:		N      00E8	K		equ		232 						; Constante para ver
				ificar nivel maximo
   31:
   32:				; -------------------------------------------------------------
   33:				; Shift registers
   34:				; -------------------------------------------------------------
   35:		B      00A1	SHD		equ		p2.1
   36:		B      00A2	SHCK	equ		p2.2
   37:		B      00A3	SHLTCH	equ		p2.3
   38:		B      00A4	SH2LTCH	equ		p2.4
   39:
   40:				;**************************************************************
   41:				; Main

ASEM-51 V1.3                                         Copyright (c) 2002 by W.W. Heinz                                         PAGE 2



 Line  I  Addr  Code            Source

						  *
   42:				;**************************************************************
   43:
   44:	  0000			Main:
   45:	  0000	A8 80				mov		r0, ADC						; Joga o valor do AD
				C no r0
   46:	  0002	E8				mov		a, r0						; Adiciona K ao acum
				ulador, se a carry
   47:	  0003	94 15				subb	a, #21
   48:	  0005	24 E7				add		a, #(not 24)				; for setada, o valor maximo
				 foi alcancado
   49:
   50:	  0007	40 06				jc		Liga						; Verifica o estado
				da Carry, se setada
   51:	  0009	C3		Desl:	clr		c							; liga o cooler, cas
				o contrario desliga
   52:	  000A	D2 A0				setb	FAN
   53:	  000C	02 00 12			jmp		Exit
   54:
   55:	  000F	C3		Liga:	clr		c
   56:	  0010	C2 A0				clr		FAN
   57:
   58:	  0012	11 18		Exit:	acall	DcdADC
   59:	  0014	11 2C				acall	Disp
   60:
   61:	  0016	01 00				ajmp	Main
   62:
   63:				;**************************************************************
   64:				; Sub Rotinas
					  *
   65:				;**************************************************************
   66:
   67:				; -------------------------------------------------------------
   68:				; DcdADC
   69:				; -------------------------------------------------------------
   70:				; Decodifica o ADC e armazena na memoria RAM para imprimir
   71:				; Futuramente num display de 7 segmentos
   72:				; -------------------------------------------------------------
   73:	  0018			DcdADC:
   74:	  0018	E8				mov		a, r0						; Para obter o decim
				al equivalente simplesmente
   75:	  0019	94 15				subb	a, #21						; Somo 2 ao valor obtido do
				ADC.
   76:	  001B	F9				mov		r1,a
   77:
   78:	  001C	E9				mov		a, r1
   79:	  001D	75 F0 64			mov		b, #100
   80:	  0020	84				div		ab
   81:	  0021	FA				mov		r2,a
   82:
   83:	  0022	E5 F0				mov		a, b
   84:	  0024	75 F0 0A			mov		b, #10
   85:	  0027	84				div		ab
   86:	  0028	FB				mov		r3,a
   87:	  0029	AC F0				mov		r4,b
   88:

ASEM-51 V1.3                                         Copyright (c) 2002 by W.W. Heinz                                         PAGE 3



 Line  I  Addr  Code            Source

   89:	  002B	22				ret
   90:
   91:				; -------------------------------------------------------------
   92:				; Disp
   93:				; -------------------------------------------------------------
   94:				; Faz a leitura do valor decimal do ADC e imprime no Display
   95:				; de 7 segmentos
   96:				; -------------------------------------------------------------
   97:	  002C			Disp:
   98:	  002C	EB				mov		a, r3
   99:	  002D	11 41				acall	LKDisp						; Bota no acumulador a decod
				ificacao do BCD
  100:	  002F	F4				cpl		a
  101:
  102:	  0030	C2 A3				clr		SHLTCH						; Da pulso baixo par
				a desabilitar saida no SHIFT
  103:	  0032	11 50				acall	SHSend
  104:	  0034	D2 A3				setb	SHLTCH						; Pulso alto para habilitar
				a saida no SHIFT
  105:
  106:	  0036	EC				mov		a, r4
  107:	  0037	11 41				acall	LKDisp
  108:	  0039	F4				cpl		a
  109:
  110:	  003A	C2 A4				clr		SH2LTCH
  111:	  003C	11 50				acall	SHSend
  112:	  003E	D2 A4				setb	SH2LTCH
  113:
  114:	  0040	22				ret
  115:
  116:				; -------------------------------------------------------------
  117:				; LKDisp
  118:				; -------------------------------------------------------------
  119:				; Lookup-Table para decodificacao de displays de 7 segmentos
  120:				; -------------------------------------------------------------
  121:	  0041	90 00 46	LKDisp: mov		dptr, #TABLE
  122:	  0044	93				movc	a, @a+dptr
  123:	  0045	22				ret
  124:
  125:	  0046	81 CF 92 86	TABLE:	DB	81h, 0cfh, 92h, 86h, 0cch, 0a4h, 0a0h, 8fh, 80h, 8ch
	  004A	CC A4 A0 8F
	  004E	80 8C
  126:
  127:				; -------------------------------------------------------------
  128:				; SHSend
  129:				; -------------------------------------------------------------
  130:				; Envia para o display a codificacao pelo shiftregister
  131:				; -------------------------------------------------------------
  132:	  0050			SHSend:
  133:
  134:	  0050	7F 08				mov		r7, #8						; Contador
  135:
  136:	  0052	A2 E7		Again:	mov		c, acc.7					; Envia serialmente o MSB do
				 Acc
  137:	  0054	92 A1				mov		SHD, c
  138:	  0056	11 5C				acall	CKPulse

ASEM-51 V1.3                                         Copyright (c) 2002 by W.W. Heinz                                         PAGE 4



 Line  I  Addr  Code            Source

  139:
  140:	  0058	23				rl		a							; Rotaciona
				o Acc para continuar o envio
  141:	  0059	DF F7				djnz	r7, Again
  142:
  143:
  144:	  005B	22				ret
  145:
  146:				; -------------------------------------------------------------
  147:				; CKPulse
  148:				; -------------------------------------------------------------
  149:				; Da um pulso de clock. Rotina utilizada no envio de dados
  150:				; Seriais para o registrador de deslocamento.
  151:				; -------------------------------------------------------------
  152:	  005C			CKPulse:
  153:	  005C	D2 A2				setb	SHCK
  154:						;acall	Delay
  155:	  005E	C2 A2				clr		SHCK
  156:
  157:	  0060	22				ret
  158:
  159:				; -------------------------------------------------------------
  160:				; Delay
  161:				; -------------------------------------------------------------
  162:				; Delay para o pulso de clock. Provavelmente desnecessario
  163:				; -------------------------------------------------------------
  164:	  0061	7D FF		Delay:	mov		r5, #255
  165:	  0063	7E FF		tt:		mov		r6, #255
  166:
  167:	  0065	DE FE				djnz	r6, $
  168:	  0067	DD FA				djnz	r5, tt
  169:
  170:	  0069	22				ret
  171:
  172:				;**************************************************************
  173:						end
  174:				;**************************************************************





                     register banks used:  ---

                     no errors




ASEM-51 V1.3                                         Copyright (c) 2002 by W.W. Heinz                                         PAGE 5





	       L I S T   O F   S Y M B O L S
	       =============================


SYMBOL				  TYPE     VALUE	LINE
------------------------------------------------------------
??ASEM_51			  NUMBER    8051
??VERSION			  NUMBER    0130
AC				  BIT	      D6
ACC				  DATA	      E0
ADC				  NUMBER    0080	  27
AGAIN				  CODE	    0052	 136
B				  DATA	      F0
CKPULSE				  CODE	    005C	 152
CY				  BIT	      D7
DCDADC				  CODE	    0018	  73
DELAY				  CODE	    0061	 164
DESL				  CODE	    0009	  51
DISP				  CODE	    002C	  97
DPH				  DATA	      83
DPL				  DATA	      82
EA				  BIT	      AF
ES				  BIT	      AC
ET0				  BIT	      A9
ET1				  BIT	      AB
EX0				  BIT	      A8
EX1				  BIT	      AA
EXIT				  CODE	    0012	  58
EXTI0				  CODE	    0003
EXTI1				  CODE	    0013
F0				  BIT	      D5
FAN				  NUMBER    00A0	  28
IE				  DATA	      A8
IE0				  BIT	      89
IE1				  BIT	      8B
INT0				  BIT	      B2
INT1				  BIT	      B3
IP				  DATA	      B8
IT0				  BIT	      88
IT1				  BIT	      8A
K				  NUMBER    00E8	  30
LIGA				  CODE	    000F	  55
LKDISP				  CODE	    0041	 121
MAIN				  CODE	    0000	  44
OV				  BIT	      D2
P				  BIT	      D0
P0				  DATA	      80
P1				  DATA	      90
P2				  DATA	      A0
P3				  DATA	      B0
PCON				  DATA	      87
PS				  BIT	      BC
PSW				  DATA	      D0
PT0				  BIT	      B9
PT1				  BIT	      BB
PX0				  BIT	      B8

ASEM-51 V1.3                                         Copyright (c) 2002 by W.W. Heinz                                         PAGE 6



SYMBOL				  TYPE     VALUE	LINE
------------------------------------------------------------
PX1				  BIT	      BA
RB8				  BIT	      9A
RD				  BIT	      B7
REN				  BIT	      9C
RESET				  CODE	    0000
RI				  BIT	      98
RS0				  BIT	      D3
RS1				  BIT	      D4
RXD				  BIT	      B0
SBUF				  DATA	      99
SCON				  DATA	      98
SH2LTCH				  NUMBER    00A4	  38
SHCK				  NUMBER    00A2	  36
SHD				  NUMBER    00A1	  35
SHLTCH				  NUMBER    00A3	  37
SHSEND				  CODE	    0050	 132
SINT				  CODE	    0023
SM0				  BIT	      9F
SM1				  BIT	      9E
SM2				  BIT	      9D
SP				  DATA	      81
T0				  BIT	      B4
T1				  BIT	      B5
TABLE				  CODE	    0046	 125
TB8				  BIT	      9B
TCON				  DATA	      88
TF0				  BIT	      8D
TF1				  BIT	      8F
TH0				  DATA	      8C
TH1				  DATA	      8D
TI				  BIT	      99
TIMER0				  CODE	    000B
TIMER1				  CODE	    001B
TL0				  DATA	      8A
TL1				  DATA	      8B
TMOD				  DATA	      89
TR0				  BIT	      8C
TR1				  BIT	      8E
TT				  CODE	    0063	 165
TXD				  BIT	      B1
WR				  BIT	      B6
